#-----------------------------------------------------------
# Webtalk v2020.1 (64-bit)
# SW Build 2902540 on Wed May 27 19:54:49 MDT 2020
# IP Build 2902112 on Wed May 27 22:43:36 MDT 2020
# Start of session at: Fri Sep  6 14:33:00 2024
# Process ID: 12056
# Current directory: C:/Users/osher/Vivado2020.1_Project/Decimal_Counter_3D/Decimal_Counter_3D.sim/sim_1/behav/xsim
# Command line: wbtcv.exe -mode batch -source C:/Users/osher/Vivado2020.1_Project/Decimal_Counter_3D/Decimal_Counter_3D.sim/sim_1/behav/xsim/xsim.dir/Divider_TB_behav/webtalk/xsim_webtalk.tcl -notrace
# Log file: C:/Users/osher/Vivado2020.1_Project/Decimal_Counter_3D/Decimal_Counter_3D.sim/sim_1/behav/xsim/webtalk.log
# Journal file: C:/Users/osher/Vivado2020.1_Project/Decimal_Counter_3D/Decimal_Counter_3D.sim/sim_1/behav/xsim\webtalk.jou
#-----------------------------------------------------------
source C:/Users/osher/Vivado2020.1_Project/Decimal_Counter_3D/Decimal_Counter_3D.sim/sim_1/behav/xsim/xsim.dir/Divider_TB_behav/webtalk/xsim_webtalk.tcl -notrace
